// Jest Snapshot v1, https://goo.gl/fbAQLP

exports[`withBox() should render the proper default markup and classes 1`] = `
<div
  class=""
/>
`;
